INFO:django.utils.autoreload:C:\arquivos maycon\mini_twitter_REST_FALIED\mini_twitter_REST\Tweets\views.py changed, reloading.
INFO:django.utils.autoreload:C:\arquivos maycon\mini_twitter_REST_FALIED\mini_twitter_REST\Tweets\views.py changed, reloading.
INFO:django.utils.autoreload:C:\arquivos maycon\mini_twitter_REST_FALIED\mini_twitter_REST\Tweets\views.py changed, reloading.
INFO:django.utils.autoreload:C:\arquivos maycon\mini_twitter_REST_FALIED\mini_twitter_REST\Tweets\views.py changed, reloading.
INFO:django.utils.autoreload:C:\arquivos maycon\mini_twitter_REST_FALIED\mini_twitter_REST\Tweets\views.py changed, reloading.
INFO:django.utils.autoreload:C:\arquivos maycon\mini_twitter_REST_FALIED\mini_twitter_REST\Tweets\views.py changed, reloading.
INFO:django.utils.autoreload:C:\arquivos maycon\mini_twitter_REST_FALIED\mini_twitter_REST\Tweets\views.py changed, reloading.
INFO:django.utils.autoreload:C:\arquivos maycon\mini_twitter_REST_FALIED\mini_twitter_REST\Tweets\views.py changed, reloading.
INFO:django.utils.autoreload:C:\arquivos maycon\mini_twitter_REST_FALIED\mini_twitter_REST\Tweets\views.py changed, reloading.
INFO:django.utils.autoreload:C:\arquivos maycon\mini_twitter_REST_FALIED\mini_twitter_REST\Tweets\views.py changed, reloading.
INFO:django.utils.autoreload:C:\arquivos maycon\mini_twitter_REST_FALIED\mini_twitter_REST\Tweets\views.py changed, reloading.
INFO:django.utils.autoreload:C:\arquivos maycon\mini_twitter_REST_FALIED\mini_twitter_REST\Tweets\views.py changed, reloading.
INFO:django.utils.autoreload:C:\arquivos maycon\mini_twitter_REST_FALIED\mini_twitter_REST\Tweets\views.py changed, reloading.
INFO:django.utils.autoreload:C:\arquivos maycon\mini_twitter_REST_FALIED\mini_twitter_REST\Tweets\views.py changed, reloading.
INFO:django.utils.autoreload:C:\arquivos maycon\mini_twitter_REST_FALIED\mini_twitter_REST\Tweets\views.py changed, reloading.
INFO:django.utils.autoreload:C:\arquivos maycon\mini_twitter_REST_FALIED\mini_twitter_REST\Tweets\views.py changed, reloading.
INFO:django.utils.autoreload:C:\arquivos maycon\mini_twitter_REST_FALIED\mini_twitter_REST\Tweets\views.py changed, reloading.
INFO:django.utils.autoreload:C:\arquivos maycon\mini_twitter_REST_FALIED\mini_twitter_REST\Tweets\views.py changed, reloading.
INFO:django.utils.autoreload:C:\arquivos maycon\mini_twitter_REST_FALIED\mini_twitter_REST\Tweets\views.py changed, reloading.
INFO:django.utils.autoreload:C:\arquivos maycon\mini_twitter_REST_FALIED\mini_twitter_REST\Tweets\views.py changed, reloading.
INFO:django.utils.autoreload:C:\arquivos maycon\mini_twitter_REST_FALIED\mini_twitter_REST\Tweets\views.py changed, reloading.
INFO:django.utils.autoreload:C:\arquivos maycon\mini_twitter_REST_FALIED\mini_twitter_REST\Tweets\views.py changed, reloading.
INFO:django.utils.autoreload:C:\arquivos maycon\mini_twitter_REST_FALIED\mini_twitter_REST\Tweets\views.py changed, reloading.
INFO:django.utils.autoreload:C:\arquivos maycon\mini_twitter_REST_FALIED\mini_twitter_REST\Tweets\views.py changed, reloading.
INFO:django.utils.autoreload:C:\arquivos maycon\mini_twitter_REST_FALIED\mini_twitter_REST\Tweets\views.py changed, reloading.
INFO:django.utils.autoreload:C:\arquivos maycon\mini_twitter_REST_FALIED\mini_twitter_REST\Tweets\views.py changed, reloading.
INFO:django.utils.autoreload:C:\arquivos maycon\mini_twitter_REST_FALIED\mini_twitter_REST\Tweets\views.py changed, reloading.
INFO:django.utils.autoreload:C:\arquivos maycon\mini_twitter_REST_FALIED\mini_twitter_REST\Tweets\views.py changed, reloading.
WARNING:django.request:Not Found: /
WARNING:django.request:Not Found: /
WARNING:django.request:Not Found: /signup
WARNING:django.request:Not Found: /user
WARNING:django.request:Not Found: /
WARNING:django.request:Not Found: /
WARNING:django.request:Method Not Allowed: /signup
WARNING:django.request:Method Not Allowed: /signup
WARNING:django.request:Method Not Allowed: /signup
WARNING:django.request:Not Found: /
ERROR:django.request:Internal Server Error: /docs/
Traceback (most recent call last):
  File "C:\arquivos maycon\mini_twitter_REST\env_mini_twitter\Lib\site-packages\django\template\defaulttags.py", line 1026, in find_library
    return parser.libraries[name]
           ~~~~~~~~~~~~~~~~^^^^^^
KeyError: 'staticfiles'

During handling of the above exception, another exception occurred:

Traceback (most recent call last):
  File "C:\arquivos maycon\mini_twitter_REST\env_mini_twitter\Lib\site-packages\django\core\handlers\exception.py", line 55, in inner
    response = get_response(request)
               ^^^^^^^^^^^^^^^^^^^^^
  File "C:\arquivos maycon\mini_twitter_REST\env_mini_twitter\Lib\site-packages\django\core\handlers\base.py", line 220, in _get_response
    response = response.render()
               ^^^^^^^^^^^^^^^^^
  File "C:\arquivos maycon\mini_twitter_REST\env_mini_twitter\Lib\site-packages\django\template\response.py", line 114, in render
    self.content = self.rendered_content
                   ^^^^^^^^^^^^^^^^^^^^^
  File "C:\arquivos maycon\mini_twitter_REST\env_mini_twitter\Lib\site-packages\rest_framework\response.py", line 70, in rendered_content
    ret = renderer.render(self.data, accepted_media_type, context)
          ^^^^^^^^^^^^^^^^^^^^^^^^^^^^^^^^^^^^^^^^^^^^^^^^^^^^^^^^
  File "C:\arquivos maycon\mini_twitter_REST\env_mini_twitter\Lib\site-packages\rest_framework_swagger\renderers.py", line 55, in render
    return render(
           ^^^^^^^
  File "C:\arquivos maycon\mini_twitter_REST\env_mini_twitter\Lib\site-packages\django\shortcuts.py", line 24, in render
    content = loader.render_to_string(template_name, context, request, using=using)
              ^^^^^^^^^^^^^^^^^^^^^^^^^^^^^^^^^^^^^^^^^^^^^^^^^^^^^^^^^^^^^^^^^^^^^
  File "C:\arquivos maycon\mini_twitter_REST\env_mini_twitter\Lib\site-packages\django\template\loader.py", line 61, in render_to_string
    template = get_template(template_name, using=using)
               ^^^^^^^^^^^^^^^^^^^^^^^^^^^^^^^^^^^^^^^^
  File "C:\arquivos maycon\mini_twitter_REST\env_mini_twitter\Lib\site-packages\django\template\loader.py", line 15, in get_template
    return engine.get_template(template_name)
           ^^^^^^^^^^^^^^^^^^^^^^^^^^^^^^^^^^
  File "C:\arquivos maycon\mini_twitter_REST\env_mini_twitter\Lib\site-packages\django\template\backends\django.py", line 33, in get_template
    return Template(self.engine.get_template(template_name), self)
                    ^^^^^^^^^^^^^^^^^^^^^^^^^^^^^^^^^^^^^^^
  File "C:\arquivos maycon\mini_twitter_REST\env_mini_twitter\Lib\site-packages\django\template\engine.py", line 175, in get_template
    template, origin = self.find_template(template_name)
                       ^^^^^^^^^^^^^^^^^^^^^^^^^^^^^^^^^
  File "C:\arquivos maycon\mini_twitter_REST\env_mini_twitter\Lib\site-packages\django\template\engine.py", line 157, in find_template
    template = loader.get_template(name, skip=skip)
               ^^^^^^^^^^^^^^^^^^^^^^^^^^^^^^^^^^^^
  File "C:\arquivos maycon\mini_twitter_REST\env_mini_twitter\Lib\site-packages\django\template\loaders\cached.py", line 57, in get_template
    template = super().get_template(template_name, skip)
               ^^^^^^^^^^^^^^^^^^^^^^^^^^^^^^^^^^^^^^^^^
  File "C:\arquivos maycon\mini_twitter_REST\env_mini_twitter\Lib\site-packages\django\template\loaders\base.py", line 28, in get_template
    return Template(
           ^^^^^^^^^
  File "C:\arquivos maycon\mini_twitter_REST\env_mini_twitter\Lib\site-packages\django\template\base.py", line 154, in __init__
    self.nodelist = self.compile_nodelist()
                    ^^^^^^^^^^^^^^^^^^^^^^^
  File "C:\arquivos maycon\mini_twitter_REST\env_mini_twitter\Lib\site-packages\django\template\base.py", line 200, in compile_nodelist
    return parser.parse()
           ^^^^^^^^^^^^^^
  File "C:\arquivos maycon\mini_twitter_REST\env_mini_twitter\Lib\site-packages\django\template\base.py", line 513, in parse
    raise self.error(token, e)
  File "C:\arquivos maycon\mini_twitter_REST\env_mini_twitter\Lib\site-packages\django\template\base.py", line 511, in parse
    compiled_result = compile_func(self, token)
                      ^^^^^^^^^^^^^^^^^^^^^^^^^
  File "C:\arquivos maycon\mini_twitter_REST\env_mini_twitter\Lib\site-packages\django\template\defaulttags.py", line 1088, in load
    lib = find_library(parser, name)
          ^^^^^^^^^^^^^^^^^^^^^^^^^^
  File "C:\arquivos maycon\mini_twitter_REST\env_mini_twitter\Lib\site-packages\django\template\defaulttags.py", line 1028, in find_library
    raise TemplateSyntaxError(
django.template.exceptions.TemplateSyntaxError: 'staticfiles' is not a registered tag library. Must be one of:
admin_list
admin_modify
admin_urls
cache
i18n
l10n
log
rest_framework
static
tz
WARNING:django.request:Not Found: /
INFO:django.utils.autoreload:C:\arquivos maycon\mini_twitter_REST\mini_twitter_REST\mini_twitter_REST\settings.py changed, reloading.
INFO:django.utils.autoreload:C:\arquivos maycon\mini_twitter_REST\mini_twitter_REST\mini_twitter_REST\settings.py changed, reloading.
WARNING:django.request:Not Found: /
ERROR:django.request:Internal Server Error: /docs/
Traceback (most recent call last):
  File "C:\arquivos maycon\mini_twitter_REST\env_mini_twitter\Lib\site-packages\django\template\defaulttags.py", line 1026, in find_library
    return parser.libraries[name]
           ~~~~~~~~~~~~~~~~^^^^^^
KeyError: 'staticfiles'

During handling of the above exception, another exception occurred:

Traceback (most recent call last):
  File "C:\arquivos maycon\mini_twitter_REST\env_mini_twitter\Lib\site-packages\django\core\handlers\exception.py", line 55, in inner
    response = get_response(request)
               ^^^^^^^^^^^^^^^^^^^^^
  File "C:\arquivos maycon\mini_twitter_REST\env_mini_twitter\Lib\site-packages\django\core\handlers\base.py", line 220, in _get_response
    response = response.render()
               ^^^^^^^^^^^^^^^^^
  File "C:\arquivos maycon\mini_twitter_REST\env_mini_twitter\Lib\site-packages\django\template\response.py", line 114, in render
    self.content = self.rendered_content
                   ^^^^^^^^^^^^^^^^^^^^^
  File "C:\arquivos maycon\mini_twitter_REST\env_mini_twitter\Lib\site-packages\rest_framework\response.py", line 70, in rendered_content
    ret = renderer.render(self.data, accepted_media_type, context)
          ^^^^^^^^^^^^^^^^^^^^^^^^^^^^^^^^^^^^^^^^^^^^^^^^^^^^^^^^
  File "C:\arquivos maycon\mini_twitter_REST\env_mini_twitter\Lib\site-packages\rest_framework_swagger\renderers.py", line 55, in render
    return render(
           ^^^^^^^
  File "C:\arquivos maycon\mini_twitter_REST\env_mini_twitter\Lib\site-packages\django\shortcuts.py", line 24, in render
    content = loader.render_to_string(template_name, context, request, using=using)
              ^^^^^^^^^^^^^^^^^^^^^^^^^^^^^^^^^^^^^^^^^^^^^^^^^^^^^^^^^^^^^^^^^^^^^
  File "C:\arquivos maycon\mini_twitter_REST\env_mini_twitter\Lib\site-packages\django\template\loader.py", line 61, in render_to_string
    template = get_template(template_name, using=using)
               ^^^^^^^^^^^^^^^^^^^^^^^^^^^^^^^^^^^^^^^^
  File "C:\arquivos maycon\mini_twitter_REST\env_mini_twitter\Lib\site-packages\django\template\loader.py", line 15, in get_template
    return engine.get_template(template_name)
           ^^^^^^^^^^^^^^^^^^^^^^^^^^^^^^^^^^
  File "C:\arquivos maycon\mini_twitter_REST\env_mini_twitter\Lib\site-packages\django\template\backends\django.py", line 33, in get_template
    return Template(self.engine.get_template(template_name), self)
                    ^^^^^^^^^^^^^^^^^^^^^^^^^^^^^^^^^^^^^^^
  File "C:\arquivos maycon\mini_twitter_REST\env_mini_twitter\Lib\site-packages\django\template\engine.py", line 175, in get_template
    template, origin = self.find_template(template_name)
                       ^^^^^^^^^^^^^^^^^^^^^^^^^^^^^^^^^
  File "C:\arquivos maycon\mini_twitter_REST\env_mini_twitter\Lib\site-packages\django\template\engine.py", line 157, in find_template
    template = loader.get_template(name, skip=skip)
               ^^^^^^^^^^^^^^^^^^^^^^^^^^^^^^^^^^^^
  File "C:\arquivos maycon\mini_twitter_REST\env_mini_twitter\Lib\site-packages\django\template\loaders\cached.py", line 57, in get_template
    template = super().get_template(template_name, skip)
               ^^^^^^^^^^^^^^^^^^^^^^^^^^^^^^^^^^^^^^^^^
  File "C:\arquivos maycon\mini_twitter_REST\env_mini_twitter\Lib\site-packages\django\template\loaders\base.py", line 28, in get_template
    return Template(
           ^^^^^^^^^
  File "C:\arquivos maycon\mini_twitter_REST\env_mini_twitter\Lib\site-packages\django\template\base.py", line 154, in __init__
    self.nodelist = self.compile_nodelist()
                    ^^^^^^^^^^^^^^^^^^^^^^^
  File "C:\arquivos maycon\mini_twitter_REST\env_mini_twitter\Lib\site-packages\django\template\base.py", line 200, in compile_nodelist
    return parser.parse()
           ^^^^^^^^^^^^^^
  File "C:\arquivos maycon\mini_twitter_REST\env_mini_twitter\Lib\site-packages\django\template\base.py", line 513, in parse
    raise self.error(token, e)
  File "C:\arquivos maycon\mini_twitter_REST\env_mini_twitter\Lib\site-packages\django\template\base.py", line 511, in parse
    compiled_result = compile_func(self, token)
                      ^^^^^^^^^^^^^^^^^^^^^^^^^
  File "C:\arquivos maycon\mini_twitter_REST\env_mini_twitter\Lib\site-packages\django\template\defaulttags.py", line 1088, in load
    lib = find_library(parser, name)
          ^^^^^^^^^^^^^^^^^^^^^^^^^^
  File "C:\arquivos maycon\mini_twitter_REST\env_mini_twitter\Lib\site-packages\django\template\defaulttags.py", line 1028, in find_library
    raise TemplateSyntaxError(
django.template.exceptions.TemplateSyntaxError: 'staticfiles' is not a registered tag library. Must be one of:
admin_list
admin_modify
admin_urls
cache
i18n
l10n
log
rest_framework
static
tz
WARNING:django.request:Not Found: /
INFO:django.utils.autoreload:C:\arquivos maycon\mini_twitter_REST\mini_twitter_REST\mini_twitter_REST\settings.py changed, reloading.
INFO:django.utils.autoreload:C:\arquivos maycon\mini_twitter_REST\mini_twitter_REST\mini_twitter_REST\settings.py changed, reloading.
INFO:django.utils.autoreload:C:\arquivos maycon\mini_twitter_REST\mini_twitter_REST\mini_twitter_REST\urls.py changed, reloading.
INFO:django.utils.autoreload:C:\arquivos maycon\mini_twitter_REST\mini_twitter_REST\mini_twitter_REST\urls.py changed, reloading.
INFO:django.utils.autoreload:C:\arquivos maycon\mini_twitter_REST\mini_twitter_REST\mini_twitter_REST\urls.py changed, reloading.
WARNING:django.request:Not Found: /
INFO:django.utils.autoreload:C:\arquivos maycon\mini_twitter_REST\mini_twitter_REST\mini_twitter_REST\urls.py changed, reloading.
WARNING:django.request:Not Found: /
WARNING:django.request:Method Not Allowed: /signup
WARNING:django.request:Bad Request: /signup
INFO:django.utils.autoreload:C:\arquivos maycon\mini_twitter_REST\mini_twitter_REST\mini_twitter_REST\urls.py changed, reloading.
WARNING:django.request:Not Found: /
WARNING:django.request:Not Found: /
WARNING:django.request:Method Not Allowed: /login
INFO:django.utils.autoreload:C:\arquivos maycon\mini_twitter_REST\mini_twitter_REST\mini_twitter_REST\settings.py changed, reloading.
INFO:django.utils.autoreload:C:\arquivos maycon\mini_twitter_REST\mini_twitter_REST\mini_twitter_REST\settings.py changed, reloading.
INFO:django.utils.autoreload:C:\arquivos maycon\mini_twitter_REST\mini_twitter_REST\mini_twitter_REST\settings.py changed, reloading.
INFO:django.utils.autoreload:C:\arquivos maycon\mini_twitter_REST\mini_twitter_REST\mini_twitter_REST\urls.py changed, reloading.
INFO:django.utils.autoreload:C:\arquivos maycon\mini_twitter_REST\mini_twitter_REST\mini_twitter_REST\urls.py changed, reloading.
INFO:django.utils.autoreload:C:\arquivos maycon\mini_twitter_REST\mini_twitter_REST\mini_twitter_REST\urls.py changed, reloading.
INFO:django.utils.autoreload:C:\arquivos maycon\mini_twitter_REST\mini_twitter_REST\mini_twitter_REST\urls.py changed, reloading.
INFO:django.utils.autoreload:C:\arquivos maycon\mini_twitter_REST\mini_twitter_REST\mini_twitter_REST\urls.py changed, reloading.
INFO:django.utils.autoreload:C:\arquivos maycon\mini_twitter_REST\mini_twitter_REST\mini_twitter_REST\urls.py changed, reloading.
INFO:django.utils.autoreload:C:\arquivos maycon\mini_twitter_REST\mini_twitter_REST\mini_twitter_REST\urls.py changed, reloading.
INFO:django.utils.autoreload:C:\arquivos maycon\mini_twitter_REST\mini_twitter_REST\mini_twitter_REST\urls.py changed, reloading.
INFO:django.utils.autoreload:C:\arquivos maycon\mini_twitter_REST\mini_twitter_REST\mini_twitter_REST\urls.py changed, reloading.
INFO:django.utils.autoreload:C:\arquivos maycon\mini_twitter_REST\mini_twitter_REST\mini_twitter_REST\urls.py changed, reloading.
INFO:django.utils.autoreload:C:\arquivos maycon\mini_twitter_REST\mini_twitter_REST\mini_twitter_REST\urls.py changed, reloading.
INFO:django.utils.autoreload:C:\arquivos maycon\mini_twitter_REST\mini_twitter_REST\mini_twitter_REST\urls.py changed, reloading.
INFO:django.utils.autoreload:C:\arquivos maycon\mini_twitter_REST\mini_twitter_REST\mini_twitter_REST\urls.py changed, reloading.
INFO:django.utils.autoreload:C:\arquivos maycon\mini_twitter_REST\mini_twitter_REST\mini_twitter_REST\urls.py changed, reloading.
INFO:django.utils.autoreload:C:\arquivos maycon\mini_twitter_REST\mini_twitter_REST\mini_twitter_REST\urls.py changed, reloading.
INFO:django.utils.autoreload:C:\arquivos maycon\mini_twitter_REST\mini_twitter_REST\mini_twitter_REST\urls.py changed, reloading.
INFO:django.utils.autoreload:C:\arquivos maycon\mini_twitter_REST\mini_twitter_REST\mini_twitter_REST\urls.py changed, reloading.
INFO:django.utils.autoreload:C:\arquivos maycon\mini_twitter_REST\mini_twitter_REST\mini_twitter_REST\urls.py changed, reloading.
INFO:django.utils.autoreload:C:\arquivos maycon\mini_twitter_REST\mini_twitter_REST\mini_twitter_REST\urls.py changed, reloading.
INFO:django.utils.autoreload:C:\arquivos maycon\mini_twitter_REST\mini_twitter_REST\mini_twitter_REST\urls.py changed, reloading.
INFO:django.utils.autoreload:C:\arquivos maycon\mini_twitter_REST\mini_twitter_REST\mini_twitter_REST\urls.py changed, reloading.
INFO:django.utils.autoreload:C:\arquivos maycon\mini_twitter_REST\mini_twitter_REST\mini_twitter_REST\urls.py changed, reloading.
INFO:django.utils.autoreload:C:\arquivos maycon\mini_twitter_REST\mini_twitter_REST\mini_twitter_REST\urls.py changed, reloading.
INFO:django.utils.autoreload:C:\arquivos maycon\mini_twitter_REST\mini_twitter_REST\TUsers\AuthMiddleware.py changed, reloading.
INFO:django.utils.autoreload:C:\arquivos maycon\mini_twitter_REST\mini_twitter_REST\TUsers\AuthMiddleware.py changed, reloading.
INFO:django.utils.autoreload:C:\arquivos maycon\mini_twitter_REST\mini_twitter_REST\TUsers\AuthMiddleware.py changed, reloading.
INFO:django.utils.autoreload:C:\arquivos maycon\mini_twitter_REST\mini_twitter_REST\TUsers\AuthMiddleware.py changed, reloading.
INFO:django.utils.autoreload:C:\arquivos maycon\mini_twitter_REST\mini_twitter_REST\TUsers\AuthMiddleware.py changed, reloading.
INFO:django.utils.autoreload:C:\arquivos maycon\mini_twitter_REST\mini_twitter_REST\TUsers\AuthMiddleware.py changed, reloading.
INFO:django.utils.autoreload:C:\arquivos maycon\mini_twitter_REST\mini_twitter_REST\TUsers\AuthMiddleware.py changed, reloading.
INFO:django.utils.autoreload:C:\arquivos maycon\mini_twitter_REST\mini_twitter_REST\TUsers\AuthMiddleware.py changed, reloading.
INFO:django.utils.autoreload:C:\arquivos maycon\mini_twitter_REST\mini_twitter_REST\TUsers\AuthMiddleware.py changed, reloading.
INFO:django.utils.autoreload:C:\arquivos maycon\mini_twitter_REST\mini_twitter_REST\TUsers\AuthMiddleware.py changed, reloading.
INFO:django.utils.autoreload:C:\arquivos maycon\mini_twitter_REST\mini_twitter_REST\TUsers\AuthMiddleware.py changed, reloading.
INFO:django.utils.autoreload:C:\arquivos maycon\mini_twitter_REST\mini_twitter_REST\TUsers\AuthMiddleware.py changed, reloading.
INFO:django.utils.autoreload:C:\arquivos maycon\mini_twitter_REST\mini_twitter_REST\TUsers\AuthMiddleware.py changed, reloading.
INFO:django.utils.autoreload:C:\arquivos maycon\mini_twitter_REST\mini_twitter_REST\TUsers\AuthMiddleware.py changed, reloading.
INFO:django.utils.autoreload:C:\arquivos maycon\mini_twitter_REST\mini_twitter_REST\TUsers\AuthMiddleware.py changed, reloading.
INFO:django.utils.autoreload:C:\arquivos maycon\mini_twitter_REST\mini_twitter_REST\TUsers\AuthMiddleware.py changed, reloading.
INFO:django.utils.autoreload:C:\arquivos maycon\mini_twitter_REST\mini_twitter_REST\TUsers\AuthMiddleware.py changed, reloading.
INFO:django.utils.autoreload:C:\arquivos maycon\mini_twitter_REST\mini_twitter_REST\TUsers\AuthMiddleware.py changed, reloading.
INFO:django.utils.autoreload:C:\arquivos maycon\mini_twitter_REST\mini_twitter_REST\TUsers\AuthMiddleware.py changed, reloading.
INFO:django.utils.autoreload:C:\arquivos maycon\mini_twitter_REST\mini_twitter_REST\TUsers\AuthMiddleware.py changed, reloading.
INFO:django.utils.autoreload:C:\arquivos maycon\mini_twitter_REST\mini_twitter_REST\TUsers\AuthMiddleware.py changed, reloading.
INFO:django.utils.autoreload:C:\arquivos maycon\mini_twitter_REST\mini_twitter_REST\TUsers\AuthMiddleware.py changed, reloading.
INFO:django.utils.autoreload:C:\arquivos maycon\mini_twitter_REST\mini_twitter_REST\TUsers\AuthMiddleware.py changed, reloading.
INFO:django.utils.autoreload:C:\arquivos maycon\mini_twitter_REST\mini_twitter_REST\TUsers\AuthMiddleware.py changed, reloading.
INFO:django.utils.autoreload:C:\arquivos maycon\mini_twitter_REST\mini_twitter_REST\TUsers\AuthMiddleware.py changed, reloading.
INFO:django.utils.autoreload:C:\arquivos maycon\mini_twitter_REST\mini_twitter_REST\TUsers\AuthMiddleware.py changed, reloading.
INFO:django.utils.autoreload:C:\arquivos maycon\mini_twitter_REST\mini_twitter_REST\TUsers\AuthMiddleware.py changed, reloading.
INFO:django.utils.autoreload:C:\arquivos maycon\mini_twitter_REST\mini_twitter_REST\TUsers\AuthMiddleware.py changed, reloading.
INFO:django.utils.autoreload:C:\arquivos maycon\mini_twitter_REST\mini_twitter_REST\TUsers\AuthMiddleware.py changed, reloading.
INFO:django.utils.autoreload:C:\arquivos maycon\mini_twitter_REST\mini_twitter_REST\TUsers\AuthMiddleware.py changed, reloading.
INFO:django.utils.autoreload:C:\arquivos maycon\mini_twitter_REST\mini_twitter_REST\TUsers\AuthMiddleware.py changed, reloading.
INFO:django.utils.autoreload:C:\arquivos maycon\mini_twitter_REST\mini_twitter_REST\TUsers\AuthMiddleware.py changed, reloading.
INFO:django.utils.autoreload:C:\arquivos maycon\mini_twitter_REST\mini_twitter_REST\TUsers\AuthMiddleware.py changed, reloading.
INFO:django.utils.autoreload:C:\arquivos maycon\mini_twitter_REST\mini_twitter_REST\TUsers\AuthMiddleware.py changed, reloading.
INFO:django.utils.autoreload:C:\arquivos maycon\mini_twitter_REST\mini_twitter_REST\TUsers\AuthMiddleware.py changed, reloading.
INFO:django.utils.autoreload:C:\arquivos maycon\mini_twitter_REST\mini_twitter_REST\TUsers\AuthMiddleware.py changed, reloading.
INFO:django.utils.autoreload:C:\arquivos maycon\mini_twitter_REST\mini_twitter_REST\TUsers\AuthMiddleware.py changed, reloading.
INFO:django.utils.autoreload:C:\arquivos maycon\mini_twitter_REST\mini_twitter_REST\TUsers\AuthMiddleware.py changed, reloading.
INFO:django.utils.autoreload:C:\arquivos maycon\mini_twitter_REST\mini_twitter_REST\TUsers\AuthMiddleware.py changed, reloading.
INFO:django.utils.autoreload:C:\arquivos maycon\mini_twitter_REST\mini_twitter_REST\TUsers\AuthMiddleware.py changed, reloading.
INFO:django.utils.autoreload:C:\arquivos maycon\mini_twitter_REST\mini_twitter_REST\TUsers\AuthMiddleware.py changed, reloading.
INFO:django.utils.autoreload:C:\arquivos maycon\mini_twitter_REST\mini_twitter_REST\TUsers\AuthMiddleware.py changed, reloading.
INFO:django.utils.autoreload:C:\arquivos maycon\mini_twitter_REST\mini_twitter_REST\TUsers\AuthMiddleware.py changed, reloading.
INFO:django.utils.autoreload:C:\arquivos maycon\mini_twitter_REST\mini_twitter_REST\TUsers\AuthMiddleware.py changed, reloading.
INFO:django.utils.autoreload:C:\arquivos maycon\mini_twitter_REST\mini_twitter_REST\TUsers\AuthMiddleware.py changed, reloading.
INFO:django.utils.autoreload:C:\arquivos maycon\mini_twitter_REST\mini_twitter_REST\TUsers\AuthMiddleware.py changed, reloading.
INFO:django.utils.autoreload:C:\arquivos maycon\mini_twitter_REST\mini_twitter_REST\TUsers\AuthMiddleware.py changed, reloading.
INFO:django.utils.autoreload:C:\arquivos maycon\mini_twitter_REST\mini_twitter_REST\TUsers\AuthMiddleware.py changed, reloading.
INFO:django.utils.autoreload:C:\arquivos maycon\mini_twitter_REST\mini_twitter_REST\TUsers\AuthMiddleware.py changed, reloading.
INFO:django.utils.autoreload:C:\arquivos maycon\mini_twitter_REST\mini_twitter_REST\TUsers\AuthMiddleware.py changed, reloading.
INFO:django.utils.autoreload:C:\arquivos maycon\mini_twitter_REST\mini_twitter_REST\TUsers\AuthMiddleware.py changed, reloading.
INFO:django.utils.autoreload:C:\arquivos maycon\mini_twitter_REST\mini_twitter_REST\TUsers\AuthMiddleware.py changed, reloading.
INFO:django.utils.autoreload:C:\arquivos maycon\mini_twitter_REST\mini_twitter_REST\TUsers\AuthMiddleware.py changed, reloading.
INFO:django.utils.autoreload:C:\arquivos maycon\mini_twitter_REST\mini_twitter_REST\TUsers\AuthMiddleware.py changed, reloading.
INFO:django.utils.autoreload:C:\arquivos maycon\mini_twitter_REST\mini_twitter_REST\TUsers\AuthMiddleware.py changed, reloading.
INFO:django.utils.autoreload:C:\arquivos maycon\mini_twitter_REST\mini_twitter_REST\TUsers\AuthMiddleware.py changed, reloading.
INFO:django.utils.autoreload:C:\arquivos maycon\mini_twitter_REST\mini_twitter_REST\TUsers\AuthMiddleware.py changed, reloading.
INFO:django.utils.autoreload:C:\arquivos maycon\mini_twitter_REST\mini_twitter_REST\TUsers\AuthMiddleware.py changed, reloading.
INFO:django.utils.autoreload:C:\arquivos maycon\mini_twitter_REST\mini_twitter_REST\TUsers\AuthMiddleware.py changed, reloading.
INFO:django.utils.autoreload:C:\arquivos maycon\mini_twitter_REST\mini_twitter_REST\TUsers\AuthMiddleware.py changed, reloading.
INFO:django.utils.autoreload:C:\arquivos maycon\mini_twitter_REST\mini_twitter_REST\TUsers\AuthMiddleware.py changed, reloading.
INFO:django.utils.autoreload:C:\arquivos maycon\mini_twitter_REST\mini_twitter_REST\TUsers\AuthMiddleware.py changed, reloading.
INFO:django.utils.autoreload:C:\arquivos maycon\mini_twitter_REST\mini_twitter_REST\TUsers\AuthMiddleware.py changed, reloading.
INFO:django.utils.autoreload:C:\arquivos maycon\mini_twitter_REST\mini_twitter_REST\TUsers\AuthMiddleware.py changed, reloading.
INFO:django.utils.autoreload:C:\arquivos maycon\mini_twitter_REST\mini_twitter_REST\TUsers\AuthMiddleware.py changed, reloading.
INFO:django.utils.autoreload:C:\arquivos maycon\mini_twitter_REST\mini_twitter_REST\TUsers\AuthMiddleware.py changed, reloading.
INFO:django.utils.autoreload:C:\arquivos maycon\mini_twitter_REST\mini_twitter_REST\TUsers\AuthMiddleware.py changed, reloading.
INFO:django.utils.autoreload:C:\arquivos maycon\mini_twitter_REST\mini_twitter_REST\TUsers\AuthMiddleware.py changed, reloading.
INFO:django.utils.autoreload:C:\arquivos maycon\mini_twitter_REST\mini_twitter_REST\TUsers\AuthMiddleware.py changed, reloading.
INFO:django.utils.autoreload:C:\arquivos maycon\mini_twitter_REST\mini_twitter_REST\TUsers\AuthMiddleware.py changed, reloading.
INFO:django.utils.autoreload:C:\arquivos maycon\mini_twitter_REST\mini_twitter_REST\TUsers\AuthMiddleware.py changed, reloading.
INFO:django.utils.autoreload:C:\arquivos maycon\mini_twitter_REST\mini_twitter_REST\TUsers\AuthMiddleware.py changed, reloading.
INFO:django.utils.autoreload:C:\arquivos maycon\mini_twitter_REST\mini_twitter_REST\TUsers\AuthMiddleware.py changed, reloading.
INFO:django.utils.autoreload:C:\arquivos maycon\mini_twitter_REST\mini_twitter_REST\TUsers\AuthMiddleware.py changed, reloading.
INFO:django.utils.autoreload:C:\arquivos maycon\mini_twitter_REST\mini_twitter_REST\TUsers\AuthMiddleware.py changed, reloading.
INFO:django.utils.autoreload:C:\arquivos maycon\mini_twitter_REST\mini_twitter_REST\TUsers\AuthMiddleware.py changed, reloading.
INFO:django.utils.autoreload:C:\arquivos maycon\mini_twitter_REST\mini_twitter_REST\TUsers\AuthMiddleware.py changed, reloading.
INFO:django.utils.autoreload:C:\arquivos maycon\mini_twitter_REST\mini_twitter_REST\TUsers\AuthMiddleware.py changed, reloading.
INFO:django.utils.autoreload:C:\arquivos maycon\mini_twitter_REST\mini_twitter_REST\TUsers\AuthMiddleware.py changed, reloading.
INFO:django.utils.autoreload:C:\arquivos maycon\mini_twitter_REST\mini_twitter_REST\TUsers\AuthMiddleware.py changed, reloading.
INFO:django.utils.autoreload:C:\arquivos maycon\mini_twitter_REST\mini_twitter_REST\TUsers\AuthMiddleware.py changed, reloading.
INFO:django.utils.autoreload:C:\arquivos maycon\mini_twitter_REST\mini_twitter_REST\TUsers\AuthMiddleware.py changed, reloading.
INFO:django.utils.autoreload:C:\arquivos maycon\mini_twitter_REST\mini_twitter_REST\TUsers\AuthMiddleware.py changed, reloading.
INFO:django.utils.autoreload:C:\arquivos maycon\mini_twitter_REST\mini_twitter_REST\TUsers\AuthMiddleware.py changed, reloading.
INFO:django.utils.autoreload:C:\arquivos maycon\mini_twitter_REST\mini_twitter_REST\TUsers\AuthMiddleware.py changed, reloading.
INFO:django.utils.autoreload:C:\arquivos maycon\mini_twitter_REST\mini_twitter_REST\TUsers\AuthMiddleware.py changed, reloading.
INFO:django.utils.autoreload:C:\arquivos maycon\mini_twitter_REST\mini_twitter_REST\TUsers\AuthMiddleware.py changed, reloading.
INFO:django.utils.autoreload:C:\arquivos maycon\mini_twitter_REST\mini_twitter_REST\TUsers\AuthMiddleware.py changed, reloading.
INFO:django.utils.autoreload:C:\arquivos maycon\mini_twitter_REST\mini_twitter_REST\TUsers\AuthMiddleware.py changed, reloading.
INFO:django.utils.autoreload:C:\arquivos maycon\mini_twitter_REST\mini_twitter_REST\TUsers\AuthMiddleware.py changed, reloading.
INFO:django.utils.autoreload:C:\arquivos maycon\mini_twitter_REST\mini_twitter_REST\TUsers\AuthMiddleware.py changed, reloading.
INFO:django.utils.autoreload:C:\arquivos maycon\mini_twitter_REST\mini_twitter_REST\TUsers\AuthMiddleware.py changed, reloading.
INFO:django.utils.autoreload:C:\arquivos maycon\mini_twitter_REST\mini_twitter_REST\TUsers\AuthMiddleware.py changed, reloading.
INFO:django.utils.autoreload:C:\arquivos maycon\mini_twitter_REST\mini_twitter_REST\TUsers\AuthMiddleware.py changed, reloading.
INFO:django.utils.autoreload:C:\arquivos maycon\mini_twitter_REST\mini_twitter_REST\TUsers\AuthMiddleware.py changed, reloading.
INFO:django.utils.autoreload:C:\arquivos maycon\mini_twitter_REST\mini_twitter_REST\TUsers\AuthMiddleware.py changed, reloading.
INFO:django.utils.autoreload:C:\arquivos maycon\mini_twitter_REST\mini_twitter_REST\TUsers\AuthMiddleware.py changed, reloading.
INFO:django.utils.autoreload:C:\arquivos maycon\mini_twitter_REST\mini_twitter_REST\TUsers\AuthMiddleware.py changed, reloading.
INFO:django.utils.autoreload:C:\arquivos maycon\mini_twitter_REST\mini_twitter_REST\TUsers\AuthMiddleware.py changed, reloading.
INFO:django.utils.autoreload:C:\arquivos maycon\mini_twitter_REST\mini_twitter_REST\TUsers\AuthMiddleware.py changed, reloading.
INFO:django.utils.autoreload:C:\arquivos maycon\mini_twitter_REST\mini_twitter_REST\TUsers\AuthMiddleware.py changed, reloading.
INFO:django.utils.autoreload:C:\arquivos maycon\mini_twitter_REST\mini_twitter_REST\TUsers\AuthMiddleware.py changed, reloading.
INFO:django.utils.autoreload:C:\arquivos maycon\mini_twitter_REST\mini_twitter_REST\TUsers\AuthMiddleware.py changed, reloading.
INFO:django.utils.autoreload:C:\arquivos maycon\mini_twitter_REST\mini_twitter_REST\TUsers\AuthMiddleware.py changed, reloading.
INFO:django.utils.autoreload:C:\arquivos maycon\mini_twitter_REST\mini_twitter_REST\TUsers\AuthMiddleware.py changed, reloading.
INFO:django.utils.autoreload:C:\arquivos maycon\mini_twitter_REST\mini_twitter_REST\TUsers\AuthMiddleware.py changed, reloading.
INFO:django.utils.autoreload:C:\arquivos maycon\mini_twitter_REST\mini_twitter_REST\TUsers\AuthMiddleware.py changed, reloading.
INFO:django.utils.autoreload:C:\arquivos maycon\mini_twitter_REST\mini_twitter_REST\TUsers\AuthMiddleware.py changed, reloading.
INFO:django.utils.autoreload:C:\arquivos maycon\mini_twitter_REST\mini_twitter_REST\TUsers\AuthMiddleware.py changed, reloading.
INFO:django.utils.autoreload:C:\arquivos maycon\mini_twitter_REST\mini_twitter_REST\TUsers\AuthMiddleware.py changed, reloading.
INFO:django.utils.autoreload:C:\arquivos maycon\mini_twitter_REST\mini_twitter_REST\TUsers\AuthMiddleware.py changed, reloading.
INFO:django.utils.autoreload:C:\arquivos maycon\mini_twitter_REST\mini_twitter_REST\TUsers\AuthMiddleware.py changed, reloading.
INFO:django.utils.autoreload:C:\arquivos maycon\mini_twitter_REST\mini_twitter_REST\TUsers\AuthMiddleware.py changed, reloading.
INFO:django.utils.autoreload:C:\arquivos maycon\mini_twitter_REST\mini_twitter_REST\TUsers\AuthMiddleware.py changed, reloading.
INFO:django.utils.autoreload:C:\arquivos maycon\mini_twitter_REST\mini_twitter_REST\TUsers\AuthMiddleware.py changed, reloading.
INFO:django.utils.autoreload:C:\arquivos maycon\mini_twitter_REST\mini_twitter_REST\TUsers\AuthMiddleware.py changed, reloading.
INFO:django.utils.autoreload:C:\arquivos maycon\mini_twitter_REST\mini_twitter_REST\TUsers\AuthMiddleware.py changed, reloading.
INFO:django.utils.autoreload:C:\arquivos maycon\mini_twitter_REST\mini_twitter_REST\TUsers\AuthMiddleware.py changed, reloading.
INFO:django.utils.autoreload:C:\arquivos maycon\mini_twitter_REST\mini_twitter_REST\TUsers\AuthMiddleware.py changed, reloading.
INFO:django.utils.autoreload:C:\arquivos maycon\mini_twitter_REST\mini_twitter_REST\TUsers\AuthMiddleware.py changed, reloading.
INFO:django.utils.autoreload:C:\arquivos maycon\mini_twitter_REST\mini_twitter_REST\TUsers\AuthMiddleware.py changed, reloading.
INFO:django.utils.autoreload:C:\arquivos maycon\mini_twitter_REST\mini_twitter_REST\TUsers\AuthMiddleware.py changed, reloading.
INFO:django.utils.autoreload:C:\arquivos maycon\mini_twitter_REST\mini_twitter_REST\TUsers\AuthMiddleware.py changed, reloading.
INFO:django.utils.autoreload:C:\arquivos maycon\mini_twitter_REST\mini_twitter_REST\TUsers\AuthMiddleware.py changed, reloading.
INFO:django.utils.autoreload:C:\arquivos maycon\mini_twitter_REST\mini_twitter_REST\TUsers\AuthMiddleware.py changed, reloading.
INFO:django.utils.autoreload:C:\arquivos maycon\mini_twitter_REST\mini_twitter_REST\TUsers\AuthMiddleware.py changed, reloading.
INFO:django.utils.autoreload:C:\arquivos maycon\mini_twitter_REST\mini_twitter_REST\TUsers\AuthMiddleware.py changed, reloading.
INFO:django.utils.autoreload:C:\arquivos maycon\mini_twitter_REST\mini_twitter_REST\TUsers\AuthMiddleware.py changed, reloading.
INFO:django.utils.autoreload:C:\arquivos maycon\mini_twitter_REST\mini_twitter_REST\TUsers\AuthMiddleware.py changed, reloading.
INFO:django.utils.autoreload:C:\arquivos maycon\mini_twitter_REST\mini_twitter_REST\TUsers\AuthMiddleware.py changed, reloading.
INFO:django.utils.autoreload:C:\arquivos maycon\mini_twitter_REST\mini_twitter_REST\TUsers\AuthMiddleware.py changed, reloading.
INFO:django.utils.autoreload:C:\arquivos maycon\mini_twitter_REST\mini_twitter_REST\TUsers\AuthMiddleware.py changed, reloading.
INFO:django.utils.autoreload:C:\arquivos maycon\mini_twitter_REST\mini_twitter_REST\TUsers\AuthMiddleware.py changed, reloading.
INFO:django.utils.autoreload:C:\arquivos maycon\mini_twitter_REST\mini_twitter_REST\TUsers\AuthMiddleware.py changed, reloading.
INFO:django.utils.autoreload:C:\arquivos maycon\mini_twitter_REST\mini_twitter_REST\TUsers\AuthMiddleware.py changed, reloading.
INFO:django.utils.autoreload:C:\arquivos maycon\mini_twitter_REST\mini_twitter_REST\TUsers\AuthMiddleware.py changed, reloading.
INFO:django.utils.autoreload:C:\arquivos maycon\mini_twitter_REST\mini_twitter_REST\TUsers\AuthMiddleware.py changed, reloading.
INFO:django.utils.autoreload:C:\arquivos maycon\mini_twitter_REST\mini_twitter_REST\TUsers\AuthMiddleware.py changed, reloading.
INFO:django.utils.autoreload:C:\arquivos maycon\mini_twitter_REST\mini_twitter_REST\TUsers\AuthMiddleware.py changed, reloading.
INFO:django.utils.autoreload:C:\arquivos maycon\mini_twitter_REST\mini_twitter_REST\TUsers\AuthMiddleware.py changed, reloading.
INFO:django.utils.autoreload:C:\arquivos maycon\mini_twitter_REST\mini_twitter_REST\TUsers\AuthMiddleware.py changed, reloading.
INFO:django.utils.autoreload:C:\arquivos maycon\mini_twitter_REST\mini_twitter_REST\TUsers\AuthMiddleware.py changed, reloading.
INFO:django.utils.autoreload:C:\arquivos maycon\mini_twitter_REST\mini_twitter_REST\TUsers\AuthMiddleware.py changed, reloading.
INFO:django.utils.autoreload:C:\arquivos maycon\mini_twitter_REST\mini_twitter_REST\TUsers\AuthMiddleware.py changed, reloading.
INFO:django.utils.autoreload:C:\arquivos maycon\mini_twitter_REST\mini_twitter_REST\TUsers\AuthMiddleware.py changed, reloading.
INFO:django.utils.autoreload:C:\arquivos maycon\mini_twitter_REST\mini_twitter_REST\TUsers\AuthMiddleware.py changed, reloading.
INFO:django.utils.autoreload:C:\arquivos maycon\mini_twitter_REST\mini_twitter_REST\TUsers\AuthMiddleware.py changed, reloading.
INFO:django.utils.autoreload:C:\arquivos maycon\mini_twitter_REST\mini_twitter_REST\TUsers\AuthMiddleware.py changed, reloading.
INFO:django.utils.autoreload:C:\arquivos maycon\mini_twitter_REST\mini_twitter_REST\TUsers\AuthMiddleware.py changed, reloading.
ERROR:django.request:Internal Server Error: /
Traceback (most recent call last):
  File "C:\arquivos maycon\mini_twitter_REST\env_mini_twitter\Lib\site-packages\django\core\handlers\exception.py", line 55, in inner
    response = get_response(request)
               ^^^^^^^^^^^^^^^^^^^^^
TypeError: 'AuthMiddleware' object is not callable
ERROR:django.request:Internal Server Error: /favicon.ico
Traceback (most recent call last):
  File "C:\arquivos maycon\mini_twitter_REST\env_mini_twitter\Lib\site-packages\django\core\handlers\exception.py", line 55, in inner
    response = get_response(request)
               ^^^^^^^^^^^^^^^^^^^^^
TypeError: 'AuthMiddleware' object is not callable
INFO:django.utils.autoreload:C:\arquivos maycon\mini_twitter_REST\mini_twitter_REST\TUsers\AuthMiddleware.py changed, reloading.
ERROR:django.request:Internal Server Error: /
Traceback (most recent call last):
  File "C:\arquivos maycon\mini_twitter_REST\env_mini_twitter\Lib\site-packages\django\core\handlers\exception.py", line 55, in inner
    response = get_response(request)
               ^^^^^^^^^^^^^^^^^^^^^
  File "C:\arquivos maycon\mini_twitter_REST\mini_twitter_REST\TUsers\AuthMiddleware.py", line 21, in __call__
    self.auth(request)
TypeError: AuthMiddleware.auth() takes 1 positional argument but 2 were given
ERROR:django.request:Internal Server Error: /favicon.ico
Traceback (most recent call last):
  File "C:\arquivos maycon\mini_twitter_REST\env_mini_twitter\Lib\site-packages\django\core\handlers\exception.py", line 55, in inner
    response = get_response(request)
               ^^^^^^^^^^^^^^^^^^^^^
  File "C:\arquivos maycon\mini_twitter_REST\mini_twitter_REST\TUsers\AuthMiddleware.py", line 21, in __call__
    self.auth(request)
TypeError: AuthMiddleware.auth() takes 1 positional argument but 2 were given
INFO:django.utils.autoreload:C:\arquivos maycon\mini_twitter_REST\mini_twitter_REST\TUsers\AuthMiddleware.py changed, reloading.
ERROR:TUsers.AuthMiddleware:'NoneType' object has no attribute 'get'
WARNING:django.request:Forbidden (Permission denied): /
Traceback (most recent call last):
  File "C:\arquivos maycon\mini_twitter_REST\mini_twitter_REST\TUsers\AuthMiddleware.py", line 30, in auth
    token = request.session.get('authtoken').get('token')
            ^^^^^^^^^^^^^^^^^^^^^^^^^^^^^^^^^^^^
AttributeError: 'NoneType' object has no attribute 'get'

During handling of the above exception, another exception occurred:

Traceback (most recent call last):
  File "C:\arquivos maycon\mini_twitter_REST\env_mini_twitter\Lib\site-packages\django\core\handlers\exception.py", line 55, in inner
    response = get_response(request)
               ^^^^^^^^^^^^^^^^^^^^^
  File "C:\arquivos maycon\mini_twitter_REST\mini_twitter_REST\TUsers\AuthMiddleware.py", line 21, in __call__
    self.auth(request)
  File "C:\arquivos maycon\mini_twitter_REST\mini_twitter_REST\TUsers\AuthMiddleware.py", line 52, in auth
    raise PermissionDenied(error)
django.core.exceptions.PermissionDenied: {'Error_code': 403, 'Error_message': 'Invalid user'}
ERROR:TUsers.AuthMiddleware:'NoneType' object has no attribute 'get'
WARNING:django.request:Forbidden (Permission denied): /favicon.ico
Traceback (most recent call last):
  File "C:\arquivos maycon\mini_twitter_REST\mini_twitter_REST\TUsers\AuthMiddleware.py", line 30, in auth
    token = request.session.get('authtoken').get('token')
            ^^^^^^^^^^^^^^^^^^^^^^^^^^^^^^^^^^^^
AttributeError: 'NoneType' object has no attribute 'get'

During handling of the above exception, another exception occurred:

Traceback (most recent call last):
  File "C:\arquivos maycon\mini_twitter_REST\env_mini_twitter\Lib\site-packages\django\core\handlers\exception.py", line 55, in inner
    response = get_response(request)
               ^^^^^^^^^^^^^^^^^^^^^
  File "C:\arquivos maycon\mini_twitter_REST\mini_twitter_REST\TUsers\AuthMiddleware.py", line 21, in __call__
    self.auth(request)
  File "C:\arquivos maycon\mini_twitter_REST\mini_twitter_REST\TUsers\AuthMiddleware.py", line 52, in auth
    raise PermissionDenied(error)
django.core.exceptions.PermissionDenied: {'Error_code': 403, 'Error_message': 'Invalid user'}
INFO:django.utils.autoreload:C:\arquivos maycon\mini_twitter_REST\mini_twitter_REST\TUsers\AuthMiddleware.py changed, reloading.
INFO:django.utils.autoreload:C:\arquivos maycon\mini_twitter_REST\mini_twitter_REST\TUsers\AuthMiddleware.py changed, reloading.
INFO:django.utils.autoreload:C:\arquivos maycon\mini_twitter_REST\mini_twitter_REST\TUsers\AuthMiddleware.py changed, reloading.
INFO:django.utils.autoreload:C:\arquivos maycon\mini_twitter_REST\mini_twitter_REST\TUsers\AuthMiddleware.py changed, reloading.
INFO:django.utils.autoreload:C:\arquivos maycon\mini_twitter_REST\mini_twitter_REST\TUsers\AuthMiddleware.py changed, reloading.
INFO:django.utils.autoreload:C:\arquivos maycon\mini_twitter_REST\mini_twitter_REST\TUsers\AuthMiddleware.py changed, reloading.
INFO:django.utils.autoreload:C:\arquivos maycon\mini_twitter_REST\mini_twitter_REST\TUsers\AuthMiddleware.py changed, reloading.
INFO:django.utils.autoreload:C:\arquivos maycon\mini_twitter_REST\mini_twitter_REST\TUsers\AuthMiddleware.py changed, reloading.
INFO:django.utils.autoreload:C:\arquivos maycon\mini_twitter_REST\mini_twitter_REST\TUsers\AuthMiddleware.py changed, reloading.
INFO:django.utils.autoreload:C:\arquivos maycon\mini_twitter_REST\mini_twitter_REST\TUsers\AuthMiddleware.py changed, reloading.
ERROR:TUsers.AuthMiddleware:'NoneType' object has no attribute 'get'
WARNING:django.request:Forbidden (Permission denied): /
Traceback (most recent call last):
  File "C:\arquivos maycon\mini_twitter_REST\mini_twitter_REST\TUsers\AuthMiddleware.py", line 33, in auth
    token = request.session.get('authtoken').get('token')
            ^^^^^^^^^^^^^^^^^^^^^^^^^^^^^^^^^^^^
AttributeError: 'NoneType' object has no attribute 'get'

During handling of the above exception, another exception occurred:

Traceback (most recent call last):
  File "C:\arquivos maycon\mini_twitter_REST\env_mini_twitter\Lib\site-packages\django\core\handlers\exception.py", line 55, in inner
    response = get_response(request)
               ^^^^^^^^^^^^^^^^^^^^^
  File "C:\arquivos maycon\mini_twitter_REST\mini_twitter_REST\TUsers\AuthMiddleware.py", line 24, in __call__
    self.auth(request)
  File "C:\arquivos maycon\mini_twitter_REST\mini_twitter_REST\TUsers\AuthMiddleware.py", line 55, in auth
    raise PermissionDenied(error)
django.core.exceptions.PermissionDenied: {'Error_code': 403, 'Error_message': 'Invalid user'}
ERROR:TUsers.AuthMiddleware:'NoneType' object has no attribute 'get'
WARNING:django.request:Forbidden (Permission denied): /favicon.ico
Traceback (most recent call last):
  File "C:\arquivos maycon\mini_twitter_REST\mini_twitter_REST\TUsers\AuthMiddleware.py", line 33, in auth
    token = request.session.get('authtoken').get('token')
            ^^^^^^^^^^^^^^^^^^^^^^^^^^^^^^^^^^^^
AttributeError: 'NoneType' object has no attribute 'get'

During handling of the above exception, another exception occurred:

Traceback (most recent call last):
  File "C:\arquivos maycon\mini_twitter_REST\env_mini_twitter\Lib\site-packages\django\core\handlers\exception.py", line 55, in inner
    response = get_response(request)
               ^^^^^^^^^^^^^^^^^^^^^
  File "C:\arquivos maycon\mini_twitter_REST\mini_twitter_REST\TUsers\AuthMiddleware.py", line 24, in __call__
    self.auth(request)
  File "C:\arquivos maycon\mini_twitter_REST\mini_twitter_REST\TUsers\AuthMiddleware.py", line 55, in auth
    raise PermissionDenied(error)
django.core.exceptions.PermissionDenied: {'Error_code': 403, 'Error_message': 'Invalid user'}
INFO:django.utils.autoreload:C:\arquivos maycon\mini_twitter_REST\mini_twitter_REST\mini_twitter_REST\settings.py changed, reloading.
INFO:django.utils.autoreload:C:\arquivos maycon\mini_twitter_REST\mini_twitter_REST\mini_twitter_REST\settings.py changed, reloading.
ERROR:TUsers.AuthMiddleware:'NoneType' object has no attribute 'get'
WARNING:django.request:Forbidden (Permission denied): /
Traceback (most recent call last):
  File "C:\arquivos maycon\mini_twitter_REST\mini_twitter_REST\TUsers\AuthMiddleware.py", line 33, in auth
    token = request.session.get('authtoken').get('token')
            ^^^^^^^^^^^^^^^^^^^^^^^^^^^^^^^^^^^^
AttributeError: 'NoneType' object has no attribute 'get'

During handling of the above exception, another exception occurred:

Traceback (most recent call last):
  File "C:\arquivos maycon\mini_twitter_REST\env_mini_twitter\Lib\site-packages\django\core\handlers\exception.py", line 55, in inner
    response = get_response(request)
               ^^^^^^^^^^^^^^^^^^^^^
  File "C:\arquivos maycon\mini_twitter_REST\mini_twitter_REST\TUsers\AuthMiddleware.py", line 24, in __call__
    self.auth(request)
  File "C:\arquivos maycon\mini_twitter_REST\mini_twitter_REST\TUsers\AuthMiddleware.py", line 55, in auth
    raise PermissionDenied(error)
django.core.exceptions.PermissionDenied: {'Error_code': 403, 'Error_message': 'Invalid user'}
ERROR:TUsers.AuthMiddleware:'NoneType' object has no attribute 'get'
WARNING:django.request:Forbidden (Permission denied): /favicon.ico
Traceback (most recent call last):
  File "C:\arquivos maycon\mini_twitter_REST\mini_twitter_REST\TUsers\AuthMiddleware.py", line 33, in auth
    token = request.session.get('authtoken').get('token')
            ^^^^^^^^^^^^^^^^^^^^^^^^^^^^^^^^^^^^
AttributeError: 'NoneType' object has no attribute 'get'

During handling of the above exception, another exception occurred:

Traceback (most recent call last):
  File "C:\arquivos maycon\mini_twitter_REST\env_mini_twitter\Lib\site-packages\django\core\handlers\exception.py", line 55, in inner
    response = get_response(request)
               ^^^^^^^^^^^^^^^^^^^^^
  File "C:\arquivos maycon\mini_twitter_REST\mini_twitter_REST\TUsers\AuthMiddleware.py", line 24, in __call__
    self.auth(request)
  File "C:\arquivos maycon\mini_twitter_REST\mini_twitter_REST\TUsers\AuthMiddleware.py", line 55, in auth
    raise PermissionDenied(error)
django.core.exceptions.PermissionDenied: {'Error_code': 403, 'Error_message': 'Invalid user'}
ERROR:TUsers.AuthMiddleware:'NoneType' object has no attribute 'get'
WARNING:django.request:Forbidden (Permission denied): /
Traceback (most recent call last):
  File "C:\arquivos maycon\mini_twitter_REST\mini_twitter_REST\TUsers\AuthMiddleware.py", line 33, in auth
    token = request.session.get('authtoken').get('token')
            ^^^^^^^^^^^^^^^^^^^^^^^^^^^^^^^^^^^^
AttributeError: 'NoneType' object has no attribute 'get'

During handling of the above exception, another exception occurred:

Traceback (most recent call last):
  File "C:\arquivos maycon\mini_twitter_REST\env_mini_twitter\Lib\site-packages\django\core\handlers\exception.py", line 55, in inner
    response = get_response(request)
               ^^^^^^^^^^^^^^^^^^^^^
  File "C:\arquivos maycon\mini_twitter_REST\mini_twitter_REST\TUsers\AuthMiddleware.py", line 24, in __call__
    self.auth(request)
  File "C:\arquivos maycon\mini_twitter_REST\mini_twitter_REST\TUsers\AuthMiddleware.py", line 55, in auth
    raise PermissionDenied(error)
django.core.exceptions.PermissionDenied: {'Error_code': 403, 'Error_message': 'Invalid user'}
ERROR:TUsers.AuthMiddleware:'NoneType' object has no attribute 'get'
WARNING:django.request:Forbidden (Permission denied): /favicon.ico
Traceback (most recent call last):
  File "C:\arquivos maycon\mini_twitter_REST\mini_twitter_REST\TUsers\AuthMiddleware.py", line 33, in auth
    token = request.session.get('authtoken').get('token')
            ^^^^^^^^^^^^^^^^^^^^^^^^^^^^^^^^^^^^
AttributeError: 'NoneType' object has no attribute 'get'

During handling of the above exception, another exception occurred:

Traceback (most recent call last):
  File "C:\arquivos maycon\mini_twitter_REST\env_mini_twitter\Lib\site-packages\django\core\handlers\exception.py", line 55, in inner
    response = get_response(request)
               ^^^^^^^^^^^^^^^^^^^^^
  File "C:\arquivos maycon\mini_twitter_REST\mini_twitter_REST\TUsers\AuthMiddleware.py", line 24, in __call__
    self.auth(request)
  File "C:\arquivos maycon\mini_twitter_REST\mini_twitter_REST\TUsers\AuthMiddleware.py", line 55, in auth
    raise PermissionDenied(error)
django.core.exceptions.PermissionDenied: {'Error_code': 403, 'Error_message': 'Invalid user'}
ERROR:TUsers.AuthMiddleware:'NoneType' object has no attribute 'get'
WARNING:django.request:Forbidden (Permission denied): /admin/
Traceback (most recent call last):
  File "C:\arquivos maycon\mini_twitter_REST\mini_twitter_REST\TUsers\AuthMiddleware.py", line 33, in auth
    token = request.session.get('authtoken').get('token')
            ^^^^^^^^^^^^^^^^^^^^^^^^^^^^^^^^^^^^
AttributeError: 'NoneType' object has no attribute 'get'

During handling of the above exception, another exception occurred:

Traceback (most recent call last):
  File "C:\arquivos maycon\mini_twitter_REST\env_mini_twitter\Lib\site-packages\django\core\handlers\exception.py", line 55, in inner
    response = get_response(request)
               ^^^^^^^^^^^^^^^^^^^^^
  File "C:\arquivos maycon\mini_twitter_REST\mini_twitter_REST\TUsers\AuthMiddleware.py", line 24, in __call__
    self.auth(request)
  File "C:\arquivos maycon\mini_twitter_REST\mini_twitter_REST\TUsers\AuthMiddleware.py", line 55, in auth
    raise PermissionDenied(error)
django.core.exceptions.PermissionDenied: {'Error_code': 403, 'Error_message': 'Invalid user'}
ERROR:TUsers.AuthMiddleware:'NoneType' object has no attribute 'get'
WARNING:django.request:Forbidden (Permission denied): /favicon.ico
Traceback (most recent call last):
  File "C:\arquivos maycon\mini_twitter_REST\mini_twitter_REST\TUsers\AuthMiddleware.py", line 33, in auth
    token = request.session.get('authtoken').get('token')
            ^^^^^^^^^^^^^^^^^^^^^^^^^^^^^^^^^^^^
AttributeError: 'NoneType' object has no attribute 'get'

During handling of the above exception, another exception occurred:

Traceback (most recent call last):
  File "C:\arquivos maycon\mini_twitter_REST\env_mini_twitter\Lib\site-packages\django\core\handlers\exception.py", line 55, in inner
    response = get_response(request)
               ^^^^^^^^^^^^^^^^^^^^^
  File "C:\arquivos maycon\mini_twitter_REST\mini_twitter_REST\TUsers\AuthMiddleware.py", line 24, in __call__
    self.auth(request)
  File "C:\arquivos maycon\mini_twitter_REST\mini_twitter_REST\TUsers\AuthMiddleware.py", line 55, in auth
    raise PermissionDenied(error)
django.core.exceptions.PermissionDenied: {'Error_code': 403, 'Error_message': 'Invalid user'}
ERROR:TUsers.AuthMiddleware:'NoneType' object has no attribute 'get'
WARNING:django.request:Forbidden (Permission denied): /admin/users
Traceback (most recent call last):
  File "C:\arquivos maycon\mini_twitter_REST\mini_twitter_REST\TUsers\AuthMiddleware.py", line 33, in auth
    token = request.session.get('authtoken').get('token')
            ^^^^^^^^^^^^^^^^^^^^^^^^^^^^^^^^^^^^
AttributeError: 'NoneType' object has no attribute 'get'

During handling of the above exception, another exception occurred:

Traceback (most recent call last):
  File "C:\arquivos maycon\mini_twitter_REST\env_mini_twitter\Lib\site-packages\django\core\handlers\exception.py", line 55, in inner
    response = get_response(request)
               ^^^^^^^^^^^^^^^^^^^^^
  File "C:\arquivos maycon\mini_twitter_REST\mini_twitter_REST\TUsers\AuthMiddleware.py", line 24, in __call__
    self.auth(request)
  File "C:\arquivos maycon\mini_twitter_REST\mini_twitter_REST\TUsers\AuthMiddleware.py", line 55, in auth
    raise PermissionDenied(error)
django.core.exceptions.PermissionDenied: {'Error_code': 403, 'Error_message': 'Invalid user'}
ERROR:TUsers.AuthMiddleware:'NoneType' object has no attribute 'get'
WARNING:django.request:Forbidden (Permission denied): /favicon.ico
Traceback (most recent call last):
  File "C:\arquivos maycon\mini_twitter_REST\mini_twitter_REST\TUsers\AuthMiddleware.py", line 33, in auth
    token = request.session.get('authtoken').get('token')
            ^^^^^^^^^^^^^^^^^^^^^^^^^^^^^^^^^^^^
AttributeError: 'NoneType' object has no attribute 'get'

During handling of the above exception, another exception occurred:

Traceback (most recent call last):
  File "C:\arquivos maycon\mini_twitter_REST\env_mini_twitter\Lib\site-packages\django\core\handlers\exception.py", line 55, in inner
    response = get_response(request)
               ^^^^^^^^^^^^^^^^^^^^^
  File "C:\arquivos maycon\mini_twitter_REST\mini_twitter_REST\TUsers\AuthMiddleware.py", line 24, in __call__
    self.auth(request)
  File "C:\arquivos maycon\mini_twitter_REST\mini_twitter_REST\TUsers\AuthMiddleware.py", line 55, in auth
    raise PermissionDenied(error)
django.core.exceptions.PermissionDenied: {'Error_code': 403, 'Error_message': 'Invalid user'}
INFO:django.utils.autoreload:C:\arquivos maycon\mini_twitter_REST\mini_twitter_REST\mini_twitter_REST\urls.py changed, reloading.
INFO:django.utils.autoreload:C:\arquivos maycon\mini_twitter_REST\mini_twitter_REST\mini_twitter_REST\urls.py changed, reloading.
ERROR:TUsers.AuthMiddleware:'NoneType' object has no attribute 'get'
WARNING:django.request:Forbidden (Permission denied): /
Traceback (most recent call last):
  File "C:\arquivos maycon\mini_twitter_REST\mini_twitter_REST\TUsers\AuthMiddleware.py", line 33, in auth
    token = request.session.get('authtoken').get('token')
            ^^^^^^^^^^^^^^^^^^^^^^^^^^^^^^^^^^^^
AttributeError: 'NoneType' object has no attribute 'get'

During handling of the above exception, another exception occurred:

Traceback (most recent call last):
  File "C:\arquivos maycon\mini_twitter_REST\env_mini_twitter\Lib\site-packages\django\core\handlers\exception.py", line 55, in inner
    response = get_response(request)
               ^^^^^^^^^^^^^^^^^^^^^
  File "C:\arquivos maycon\mini_twitter_REST\mini_twitter_REST\TUsers\AuthMiddleware.py", line 24, in __call__
    self.auth(request)
  File "C:\arquivos maycon\mini_twitter_REST\mini_twitter_REST\TUsers\AuthMiddleware.py", line 55, in auth
    raise PermissionDenied(error)
django.core.exceptions.PermissionDenied: {'Error_code': 403, 'Error_message': 'Invalid user'}
ERROR:TUsers.AuthMiddleware:'NoneType' object has no attribute 'get'
WARNING:django.request:Forbidden (Permission denied): /favicon.ico
Traceback (most recent call last):
  File "C:\arquivos maycon\mini_twitter_REST\mini_twitter_REST\TUsers\AuthMiddleware.py", line 33, in auth
    token = request.session.get('authtoken').get('token')
            ^^^^^^^^^^^^^^^^^^^^^^^^^^^^^^^^^^^^
AttributeError: 'NoneType' object has no attribute 'get'

During handling of the above exception, another exception occurred:

Traceback (most recent call last):
  File "C:\arquivos maycon\mini_twitter_REST\env_mini_twitter\Lib\site-packages\django\core\handlers\exception.py", line 55, in inner
    response = get_response(request)
               ^^^^^^^^^^^^^^^^^^^^^
  File "C:\arquivos maycon\mini_twitter_REST\mini_twitter_REST\TUsers\AuthMiddleware.py", line 24, in __call__
    self.auth(request)
  File "C:\arquivos maycon\mini_twitter_REST\mini_twitter_REST\TUsers\AuthMiddleware.py", line 55, in auth
    raise PermissionDenied(error)
django.core.exceptions.PermissionDenied: {'Error_code': 403, 'Error_message': 'Invalid user'}
INFO:django.utils.autoreload:C:\arquivos maycon\mini_twitter_REST\mini_twitter_REST\mini_twitter_REST\urls.py changed, reloading.
INFO:django.utils.autoreload:C:\arquivos maycon\mini_twitter_REST\mini_twitter_REST\mini_twitter_REST\urls.py changed, reloading.
WARNING:django.request:Not Found: /
WARNING:django.request:Method Not Allowed: /signup
WARNING:django.request:Method Not Allowed: /signup
WARNING:django.request:Not Found: /
WARNING:django.request:Not Found: /
WARNING:django.request:Method Not Allowed: /login
WARNING:django.request:Not Found: /
WARNING:django.request:Method Not Allowed: /signup
ERROR:django.request:Internal Server Error: /signup
Traceback (most recent call last):
  File "C:\arquivos maycon\mini_twitter_REST\env_mini_twitter\Lib\site-packages\django\core\handlers\exception.py", line 55, in inner
    response = get_response(request)
               ^^^^^^^^^^^^^^^^^^^^^
  File "C:\arquivos maycon\mini_twitter_REST\env_mini_twitter\Lib\site-packages\django\core\handlers\base.py", line 197, in _get_response
    response = wrapped_callback(request, *callback_args, **callback_kwargs)
               ^^^^^^^^^^^^^^^^^^^^^^^^^^^^^^^^^^^^^^^^^^^^^^^^^^^^^^^^^^^^
  File "C:\arquivos maycon\mini_twitter_REST\env_mini_twitter\Lib\site-packages\django\views\decorators\csrf.py", line 56, in wrapper_view
    return view_func(*args, **kwargs)
           ^^^^^^^^^^^^^^^^^^^^^^^^^^
  File "C:\arquivos maycon\mini_twitter_REST\env_mini_twitter\Lib\site-packages\django\views\generic\base.py", line 104, in view
    return self.dispatch(request, *args, **kwargs)
           ^^^^^^^^^^^^^^^^^^^^^^^^^^^^^^^^^^^^^^^
  File "C:\arquivos maycon\mini_twitter_REST\env_mini_twitter\Lib\site-packages\rest_framework\views.py", line 509, in dispatch
    response = self.handle_exception(exc)
               ^^^^^^^^^^^^^^^^^^^^^^^^^^
  File "C:\arquivos maycon\mini_twitter_REST\env_mini_twitter\Lib\site-packages\rest_framework\views.py", line 469, in handle_exception
    self.raise_uncaught_exception(exc)
  File "C:\arquivos maycon\mini_twitter_REST\env_mini_twitter\Lib\site-packages\rest_framework\views.py", line 480, in raise_uncaught_exception
    raise exc
  File "C:\arquivos maycon\mini_twitter_REST\env_mini_twitter\Lib\site-packages\rest_framework\views.py", line 506, in dispatch
    response = handler(request, *args, **kwargs)
               ^^^^^^^^^^^^^^^^^^^^^^^^^^^^^^^^^
  File "C:\arquivos maycon\mini_twitter_REST\env_mini_twitter\Lib\site-packages\rest_framework\decorators.py", line 50, in handler
    return func(*args, **kwargs)
           ^^^^^^^^^^^^^^^^^^^^^
  File "C:\arquivos maycon\mini_twitter_REST\mini_twitter_REST\TUsers\views.py", line 123, in AccountSignup
    serializer.save()
  File "C:\arquivos maycon\mini_twitter_REST\env_mini_twitter\Lib\site-packages\rest_framework\serializers.py", line 212, in save
    self.instance = self.create(validated_data)
                    ^^^^^^^^^^^^^^^^^^^^^^^^^^^
  File "C:\arquivos maycon\mini_twitter_REST\env_mini_twitter\Lib\site-packages\rest_framework\serializers.py", line 962, in create
    instance = ModelClass._default_manager.create(**validated_data)
               ^^^^^^^^^^^^^^^^^^^^^^^^^^^^^^^^^^^^^^^^^^^^^^^^^^^^
  File "C:\arquivos maycon\mini_twitter_REST\env_mini_twitter\Lib\site-packages\django\db\models\manager.py", line 87, in manager_method
    return getattr(self.get_queryset(), name)(*args, **kwargs)
           ^^^^^^^^^^^^^^^^^^^^^^^^^^^^^^^^^^^^^^^^^^^^^^^^^^^
  File "C:\arquivos maycon\mini_twitter_REST\env_mini_twitter\Lib\site-packages\django\db\models\query.py", line 658, in create
    obj.save(force_insert=True, using=self.db)
  File "C:\arquivos maycon\mini_twitter_REST\env_mini_twitter\Lib\site-packages\django\db\models\base.py", line 814, in save
    self.save_base(
  File "C:\arquivos maycon\mini_twitter_REST\env_mini_twitter\Lib\site-packages\django\db\models\base.py", line 877, in save_base
    updated = self._save_table(
              ^^^^^^^^^^^^^^^^^
  File "C:\arquivos maycon\mini_twitter_REST\env_mini_twitter\Lib\site-packages\django\db\models\base.py", line 1020, in _save_table
    results = self._do_insert(
              ^^^^^^^^^^^^^^^^
  File "C:\arquivos maycon\mini_twitter_REST\env_mini_twitter\Lib\site-packages\django\db\models\base.py", line 1061, in _do_insert
    return manager._insert(
           ^^^^^^^^^^^^^^^^
  File "C:\arquivos maycon\mini_twitter_REST\env_mini_twitter\Lib\site-packages\django\db\models\manager.py", line 87, in manager_method
    return getattr(self.get_queryset(), name)(*args, **kwargs)
           ^^^^^^^^^^^^^^^^^^^^^^^^^^^^^^^^^^^^^^^^^^^^^^^^^^^
  File "C:\arquivos maycon\mini_twitter_REST\env_mini_twitter\Lib\site-packages\django\db\models\query.py", line 1805, in _insert
    return query.get_compiler(using=using).execute_sql(returning_fields)
           ^^^^^^^^^^^^^^^^^^^^^^^^^^^^^^^^^^^^^^^^^^^^^^^^^^^^^^^^^^^^^
  File "C:\arquivos maycon\mini_twitter_REST\env_mini_twitter\Lib\site-packages\django\db\models\sql\compiler.py", line 1819, in execute_sql
    for sql, params in self.as_sql():
                       ^^^^^^^^^^^^^
  File "C:\arquivos maycon\mini_twitter_REST\env_mini_twitter\Lib\site-packages\django\db\models\sql\compiler.py", line 1743, in as_sql
    value_rows = [
                 ^
  File "C:\arquivos maycon\mini_twitter_REST\env_mini_twitter\Lib\site-packages\django\db\models\sql\compiler.py", line 1744, in <listcomp>
    [
  File "C:\arquivos maycon\mini_twitter_REST\env_mini_twitter\Lib\site-packages\django\db\models\sql\compiler.py", line 1745, in <listcomp>
    self.prepare_value(field, self.pre_save_val(field, obj))
  File "C:\arquivos maycon\mini_twitter_REST\env_mini_twitter\Lib\site-packages\django\db\models\sql\compiler.py", line 1684, in prepare_value
    return field.get_db_prep_save(value, connection=self.connection)
           ^^^^^^^^^^^^^^^^^^^^^^^^^^^^^^^^^^^^^^^^^^^^^^^^^^^^^^^^^
  File "C:\arquivos maycon\mini_twitter_REST\env_mini_twitter\Lib\site-packages\django\db\models\fields\__init__.py", line 954, in get_db_prep_save
    return self.get_db_prep_value(value, connection=connection, prepared=False)
           ^^^^^^^^^^^^^^^^^^^^^^^^^^^^^^^^^^^^^^^^^^^^^^^^^^^^^^^^^^^^^^^^^^^^
  File "C:\arquivos maycon\mini_twitter_REST\env_mini_twitter\Lib\site-packages\django\db\models\fields\__init__.py", line 1607, in get_db_prep_value
    value = self.get_prep_value(value)
            ^^^^^^^^^^^^^^^^^^^^^^^^^^
  File "C:\arquivos maycon\mini_twitter_REST\env_mini_twitter\Lib\site-packages\django\db\models\fields\__init__.py", line 1585, in get_prep_value
    value = super().get_prep_value(value)
            ^^^^^^^^^^^^^^^^^^^^^^^^^^^^^
  File "C:\arquivos maycon\mini_twitter_REST\env_mini_twitter\Lib\site-packages\django\db\models\fields\__init__.py", line 1464, in get_prep_value
    return self.to_python(value)
           ^^^^^^^^^^^^^^^^^^^^^
  File "C:\arquivos maycon\mini_twitter_REST\env_mini_twitter\Lib\site-packages\django\db\models\fields\__init__.py", line 1567, in to_python
    raise exceptions.ValidationError(
django.core.exceptions.ValidationError: ['05/28/2023 08:07 24 PM value has an invalid format. It must be in YYYY-MM-DD HH:MM[:ss[.uuuuuu]][TZ] format.']
INFO:django.utils.autoreload:C:\arquivos maycon\mini_twitter_REST\mini_twitter_REST\TUsers\views.py changed, reloading.
INFO:django.utils.autoreload:C:\arquivos maycon\mini_twitter_REST\mini_twitter_REST\TUsers\views.py changed, reloading.
INFO:django.utils.autoreload:C:\arquivos maycon\mini_twitter_REST\mini_twitter_REST\TUsers\views.py changed, reloading.
WARNING:django.request:Method Not Allowed: /signup
WARNING:django.request:Bad Request: /signup
WARNING:django.request:Not Found: /
INFO:django.utils.autoreload:C:\arquivos maycon\mini_twitter_REST\mini_twitter_REST\mini_twitter_REST\urls.py changed, reloading.
INFO:django.utils.autoreload:C:\arquivos maycon\mini_twitter_REST\mini_twitter_REST\mini_twitter_REST\urls.py changed, reloading.
WARNING:django.request:Not Found: /
WARNING:django.request:Not Found: /user
WARNING:django.request:Not Found: /user
INFO:django.utils.autoreload:C:\arquivos maycon\mini_twitter_REST\mini_twitter_REST\TUsers\urls.py changed, reloading.
WARNING:django.request:Not Found: /user
WARNING:django.request:Not Found: /user/
WARNING:django.request:Method Not Allowed: /user/signup
WARNING:django.request:Not Found: /user/
WARNING:django.request:Method Not Allowed: /user/signup
WARNING:django.request:Not Found: /
WARNING:django.request:Not Found: /
WARNING:django.request:Not Found: /user/
ERROR:django.request:Internal Server Error: /user/token
Traceback (most recent call last):
  File "C:\arquivos maycon\mini_twitter_REST\env_mini_twitter\Lib\site-packages\django\core\handlers\exception.py", line 55, in inner
    response = get_response(request)
               ^^^^^^^^^^^^^^^^^^^^^
  File "C:\arquivos maycon\mini_twitter_REST\env_mini_twitter\Lib\site-packages\django\core\handlers\base.py", line 220, in _get_response
    response = response.render()
               ^^^^^^^^^^^^^^^^^
  File "C:\arquivos maycon\mini_twitter_REST\env_mini_twitter\Lib\site-packages\django\template\response.py", line 114, in render
    self.content = self.rendered_content
                   ^^^^^^^^^^^^^^^^^^^^^
  File "C:\arquivos maycon\mini_twitter_REST\env_mini_twitter\Lib\site-packages\rest_framework\response.py", line 55, in rendered_content
    assert renderer, ".accepted_renderer not set on Response"
AssertionError: .accepted_renderer not set on Response
WARNING:django.request:Not Found: /user
WARNING:django.request:Not Found: /user/
ERROR:django.request:Internal Server Error: /user/auth
Traceback (most recent call last):
  File "C:\arquivos maycon\mini_twitter_REST\env_mini_twitter\Lib\site-packages\django\core\handlers\exception.py", line 55, in inner
    response = get_response(request)
               ^^^^^^^^^^^^^^^^^^^^^
  File "C:\arquivos maycon\mini_twitter_REST\env_mini_twitter\Lib\site-packages\django\core\handlers\base.py", line 197, in _get_response
    response = wrapped_callback(request, *callback_args, **callback_kwargs)
               ^^^^^^^^^^^^^^^^^^^^^^^^^^^^^^^^^^^^^^^^^^^^^^^^^^^^^^^^^^^^
TypeError: Auth() missing 1 required positional argument: 'username'
WARNING:django.request:Not Found: /user
WARNING:django.request:Not Found: /user/
